
> industrialist-web-game@0.5.34 test
> vitest run


[1m[46m RUN [49m[22m [36mv4.0.18 [39m[90m/Users/mp/Documents/Soubory/Škola/WA/TeamWebGame/frontend[39m

 [32m✓[39m __tests__/save.test.ts [2m([22m[2m3 tests[22m[2m)[22m[32m 12[2mms[22m[39m
 [31m❯[39m __tests__/leaderboard.test.ts [2m([22m[2m2 tests[22m[2m | [22m[31m1 failed[39m[2m)[22m[32m 41[2mms[22m[39m
     [32m✓[39m should return top 10 users sorted by netWorth and kills[32m 8[2mms[22m[39m
[31m     [31m×[31m should handle database errors gracefully[39m[32m 32[2mms[22m[39m
 [32m✓[39m __tests__/auth.test.ts [2m([22m[2m2 tests[22m[2m)[22m[33m 391[2mms[22m[39m
     [33m[2m✓[22m[39m should create a new user if not found [33m 387[2mms[22m[39m
 [32m✓[39m __tests__/economy-context.test.tsx [2m([22m[2m3 tests[22m[2m)[22m[32m 66[2mms[22m[39m
 [32m✓[39m components/game-ui/HUD.test.tsx [2m([22m[2m3 tests[22m[2m)[22m[32m 128[2mms[22m[39m
 [32m✓[39m components/game-ui/PostRunSummary.test.tsx [2m([22m[2m5 tests[22m[2m)[22m[32m 123[2mms[22m[39m
 [32m✓[39m components/game-ui/MobileControls.test.tsx [2m([22m[2m6 tests[22m[2m)[22m[32m 123[2mms[22m[39m
 [32m✓[39m lib/fps-engine.test.ts [2m([22m[2m2 tests[22m[2m)[22m[32m 9[2mms[22m[39m
 [32m✓[39m __tests__/PostRunSummary.test.tsx [2m([22m[2m11 tests[22m[2m)[22m[32m 6[2mms[22m[39m

[2m Test Files [22m [1m[31m1 failed[39m[22m[2m | [22m[1m[32m8 passed[39m[22m[90m (9)[39m
[2m      Tests [22m [1m[31m1 failed[39m[22m[2m | [22m[1m[32m36 passed[39m[22m[90m (37)[39m
[2m   Start at [22m 10:55:47
[2m   Duration [22m 3.87s[2m (transform 1.16s, setup 0ms, import 4.09s, tests 900ms, environment 14.12s)[22m

